Form reached process_checkin.php
